Loading db file '/home/Synopsys/pdk/SCL_PDK_3/SCLPDK_V3.0_KIT/scl180/iopad/cio250/4M1L/liberty/tsl18cio250_max.db'
Loading db file '/home/Synopsys/pdk/SCL_PDK_3/SCLPDK_V3.0_KIT/scl180/stdcell/fs120/4M1IL/liberty/lib_flow_ff/tsl18fs120_scl_ff.db'
Information: Propagating switching activity (low effort zero delay simulation). (PWR-6)
Warning: There is no defined clock in the design. (PWR-80)
Warning: Design has unannotated primary inputs. (PWR-414)
Warning: Design has unannotated sequential cell outputs. (PWR-415)
Warning: Design has unannotated black box outputs. (PWR-428)
 
****************************************
Report : power
        -analysis_effort low
Design : vsdcaravel
Version: T-2022.03-SP5
Date   : Fri Dec 12 18:14:57 2025
****************************************


Library(s) Used:

    tsl18fs120_scl_ff (File: /home/Synopsys/pdk/SCL_PDK_3/SCLPDK_V3.0_KIT/scl180/stdcell/fs120/4M1IL/liberty/lib_flow_ff/tsl18fs120_scl_ff.db)
    tsl18cio250_max (File: /home/Synopsys/pdk/SCL_PDK_3/SCLPDK_V3.0_KIT/scl180/iopad/cio250/4M1L/liberty/tsl18cio250_max.db)


Operating Conditions: tsl18fs120_scl_ff   Library: tsl18fs120_scl_ff
Wire Load Model Mode: top

Design        Wire Load Model            Library
------------------------------------------------
vsdcaravel             1000000           tsl18fs120_scl_ff


Global Operating Voltage = 1.98 
Power-specific unit information :
    Voltage Units = 1V
    Capacitance Units = 1.000000pf
    Time Units = 1ns
    Dynamic Power Units = 1mW    (derived from V,C,T units)
    Leakage Power Units = 1pW


Attributes
----------
i - Including register clock pin internal power


  Cell Internal Power  =  43.6474 mW   (53%)
  Net Switching Power  =  38.0750 mW   (47%)
                         ---------
Total Dynamic Power    =  81.7224 mW  (100%)

Cell Leakage Power     =   3.1650 uW

Information: report_power power group summary does not include estimated clock tree power. (PWR-789)

                 Internal         Switching           Leakage            Total
Power Group      Power            Power               Power              Power   (   %    )  Attrs
--------------------------------------------------------------------------------------------------
io_pad             1.1752        2.3723e-03        2.0337e+06            1.1797  (   1.44%)
memory             0.0000            0.0000            0.0000            0.0000  (   0.00%)
black_box          0.0000            0.2323           62.7200            0.2323  (   0.28%)
clock_network      0.0000            0.0000            0.0000            0.0000  (   0.00%)  i
register           0.0000            0.0000            0.0000            0.0000  (   0.00%)
sequential        38.9713            0.2722        7.1947e+05           39.2442  (  48.04%)
combinational      3.4994           37.5351        4.1177e+05           41.0349  (  50.23%)
--------------------------------------------------------------------------------------------------
Total             43.6460 mW        38.0419 mW     3.1650e+06 pW        81.6910 mW
1
